lscpu->get core values of system and all other details about archetecture

PWD:present working directory

kpit@L-18990:~$ pwd
/home/kpit

find ~path -iname "SmartDevice.cpp"-->will find the sd folder and i will ignore case
cp ~r path ->copy the folder into current folder(specifing to copy recursively -r)

example:cp -r /home/kpit/Downloads/Training_Files/Aggregation  /home/kpit/Downloads/Modern_CPP/Week2/Lamda_Functions/


touch ~/Documents/TimeManagement.odt //go to specific file or folder

Two ways to write path:
1)Absaluete path - always starts with \ in linux / in windows
2)Relative path  - assume that current location is known to compiler so give only the remaining path


->ls to see whats inside the file

we can also create variables in terminal like create a variable "source=/folderpath/ now use these where ever in command this path is required 

***To continue your command in the next line give "\" then enter and then continue the command as nothing happend...******


kpit@L-18990:~$ echo $PATH
/usr/local/sbin:/usr/local/bin:/usr/sbin:/usr/bin:/sbin:/bin:/usr/games:/usr/local/games:/snap/bin

to go to previous level or higher level directory:

kpit@L-18990:~/Downloads/Modern_CPP$ cd /home/kpit/Downloads/Modern_CPP/
kpit@L-18990:~/Downloads/Modern_CPP$ cd      ..
kpit@L-18990:~/Downloads$ cd    .
kpit@L-18990:~/Downloads$ cd /bin
kpit@L-18990:/bin$ 

cd - (for back and forth):

kpit@L-18990:~/Downloads/Modern_CPP$ cd /home/kpit/Downloads/Modern_CPP/
kpit@L-18990:~/Downloads/Modern_CPP$ cd      ..
kpit@L-18990:~/Downloads$ cd    .
kpit@L-18990:~/Downloads$ cd /bin
kpit@L-18990:/bin$ 


ctrl+fn+alt+f3 to switch UI and work through terminal completely


Command to open note pad in terminal:(to exit use ctrl+x)
kpit@L-18990:~/Downloads$ nano Modern_CPP/Week2/Lamda_Functions/example3.cpp


Command to install git:
sudo apt install git

to know current version:
git –version

To give user and email:

git config --global user.name "Chennoju Sathvika"

git config --global user.email "chennoju.sathvika@kpit.com"


Better to be at mainbranch:

git config --global init.defaultBranch main

pwd pathoffolder

pwd /home/kpit/Downloads/Modern_CPP

git init .//goes to current folder cretes local repo

(localrepo->stating area->local commit->remote repo)

localrepo is a workspace(init command gives the local ws)
local commit hapens in local repo backup

local repository bckup------------>remotewoekspace
				    push
local work space <------------------remotewoekspace
				     pull

if no local work space and we doing first time use “git clone”
*git takes back up of things which are only in staging area


Raising a pr or pull request to merge ur code with main code

git add .(entire files are added to staging area from current folder)


to check current status of git:git status


kpit@L-18990:~/Downloads/Modern_CPP$ git status
On branch master

No commits yet

Changes to be committed:
  (use "git rm --cached <file>..." to unstage)
        new file:   .vscode/settings.json
        new file:   .~lock.GIT_NOTES.txt#
        new file:   18..june..training..session/Example2/Vehicle.cpp
        new file:   18..june..training..session/Example3.cpp
        new file:   18..june..training..session/Example4.cpp
        new file:   18..june..training..session/Examples/Department.h
        new file:   18..june..training..session/Examples/EnumExampleProblem.cpp
        new file:   18..june..training..session/Examples/EnumExampleSolution.cpp
        new file:   18..june..training..session/Examples/Example1.cpp
        new file:   18..june..training..session/Sample_Section/Engine.cpp
        new file:   18..june..training..session/Sample_Section/Engine.h
        new file:   18..june..training..session/Sample_Section/IdNotFounException.h
        new file:   18..june..training..session/Sample_Section/Main.cpp
        new file:   18..june..training..session/Sample_Section/app
        new file:   18..june..training..session/Sample_Section/functionalities.cpp
        new file:   18..june..training..session/Sample_Section/functionalities.h
        new file:   18..june..training..session/Sample_Section/input.txt
        new file:   18..june..training..session/Sample_Section/notes.txt
        new file:   18..june..training..session/notes.txt
        new file:   19--june/.vscode/launch.json
        new file:   19--june/.vscode/settings.json
        new file:   19--june/Constructors/Constructor_Delegation.cpp
        new file:   19--june/Constructors/additionaldt.cpp
        new file:   19--june/DataStructures.txt
        new file:   19--june/Sample_Section/.vscode/launch.json
        new file:   19--june/Sample_Section/.vscode/settings.json
        new file:   19--june/Sample_Section/Engine.cpp
        new file:   19--june/Sample_Section/Engine.h
        new file:   19--june/Sample_Section/IdNotFounException.h
        new file:   19--june/Sample_Section/Main.cpp
        new file:   19--june/Sample_Section/NoValidEngineFoundException.h
        new file:   19--june/Sample_Section/a.out
        new file:   19--june/Sample_Section/app
        new file:   19--june/Sample_Section/functionalities.cpp
        new file:   19--june/Sample_Section/functionalities.h
        new file:   19--june/Sample_Section/input.txt
        new file:   19--june/Sample_Section/notes.txt
        new file:   19--june/Vector.cpp
        new file:   19--june/app
        new file:   GIT_NOTES.txt
        new file:   RAII/RAII_Example1.cpp
        new file:   RAII/app
        new file:   Week2/app
        new file:   Week2/example1.cpp
        new file:   Week2/example2.cpp
        new file:   Week2/example3.cpp
        new file:   Week2/example4.cpp
        new file:   Week2/example5.cpp
        new file:   Week2/notes.txt
        new file:   Week2/sample.cpp



To commit the work done:
git commit -m "code upto tuesday evening"

kpit@L-18990:~/Downloads/Modern_CPP$ git commit -m "code upto tuesday evening"
[master (root-commit) 6ce10ca] code upto tuesday evening
 50 files changed, 1519 insertions(+)
 create mode 100644 .vscode/settings.json
 create mode 100644 .~lock.GIT_NOTES.txt#
 create mode 100644 18..june..training..session/Example2/Vehicle.cpp
 create mode 100644 18..june..training..session/Example3.cpp
 create mode 100644 18..june..training..session/Example4.cpp
 create mode 100644 18..june..training..session/Examples/Department.h
 create mode 100644 18..june..training..session/Examples/EnumExampleProblem.cpp
 create mode 100644 18..june..training..session/Examples/EnumExampleSolution.cpp
 create mode 100644 18..june..training..session/Examples/Example1.cpp
 create mode 100644 18..june..training..session/Sample_Section/Engine.cpp
 create mode 100644 18..june..training..session/Sample_Section/Engine.h
 create mode 100644 18..june..training..session/Sample_Section/IdNotFounException.h
 create mode 100644 18..june..training..session/Sample_Section/Main.cpp
 create mode 100755 18..june..training..session/Sample_Section/app
 create mode 100644 18..june..training..session/Sample_Section/functionalities.cpp
 create mode 100644 18..june..training..session/Sample_Section/functionalities.h
 create mode 100644 18..june..training..session/Sample_Section/input.txt
 create mode 100644 18..june..training..session/Sample_Section/notes.txt
 create mode 100644 18..june..training..session/notes.txt
 create mode 100644 19--june/.vscode/launch.json
 create mode 100644 19--june/.vscode/settings.json
 create mode 100644 19--june/Constructors/Constructor_Delegation.cpp
 create mode 100644 19--june/Constructors/additionaldt.cpp
 create mode 100644 19--june/DataStructures.txt
 create mode 100644 19--june/Sample_Section/.vscode/launch.json
 create mode 100644 19--june/Sample_Section/.vscode/settings.json
 create mode 100644 19--june/Sample_Section/Engine.cpp
 create mode 100644 19--june/Sample_Section/Engine.h
 create mode 100644 19--june/Sample_Section/IdNotFounException.h
 create mode 100644 19--june/Sample_Section/Main.cpp
 create mode 100644 19--june/Sample_Section/NoValidEngineFoundException.h
 create mode 100755 19--june/Sample_Section/a.out
 create mode 100755 19--june/Sample_Section/app
 create mode 100644 19--june/Sample_Section/functionalities.cpp
 create mode 100644 19--june/Sample_Section/functionalities.h
 create mode 100644 19--june/Sample_Section/input.txt
 create mode 100644 19--june/Sample_Section/notes.txt
 create mode 100644 19--june/Vector.cpp
 create mode 100755 19--june/app
 create mode 100644 GIT_NOTES.txt
 create mode 100644 RAII/RAII_Example1.cpp
 create mode 100755 RAII/app
 create mode 100755 Week2/app
 create mode 100644 Week2/example1.cpp
 create mode 100644 Week2/example2.cpp
 create mode 100644 Week2/example3.cpp
 create mode 100644 Week2/example4.cpp
 create mode 100644 Week2/example5.cpp
 create mode 100644 Week2/notes.txt
 create mode 100644 Week2/sample.cpp



kpit@L-18990:~/Downloads/Modern_CPP$ git status
On branch master
nothing to commit, working tree clean
kpit@L-18990:~/Downloads/Modern_CPP$ git log
commit 6ce10ca7b4152a5c2292cb6ecdfde5831180fe16 (HEAD -> master)
Author: Chennoju Sathvika <chennoju.sathvika@kpit.com>
Date:   Tue Jun 25 17:47:13 2024 +0530

    code upto tuesday evening
    
    
git add folder or file name/

git status

git commit -m "file or folder name"






Generating the API key for Git :

kpit@L-18990:~$ ssh-keygen -t rsa -b 4096
Generating public/private rsa key pair.
Enter file in which to save the key (/home/kpit/.ssh/id_rsa): 
Enter passphrase (empty for no passphrase): 
Enter same passphrase again: 
Your identification has been saved in /home/kpit/.ssh/id_rsa
Your public key has been saved in /home/kpit/.ssh/id_rsa.pub
The key fingerprint is:
SHA256:hxDe1WZ04o23N4MH2e5RfNFvCPT7dzC/Bd32tX/FMck kpit@L-18990
The key's randomart image is:
+---[RSA 4096]----+
|      .   .++ ...|
|     . o . .=*o.o|
|      o .  oo+=o*|
|       . .   .=E*|
|        S .  .*OO|
|         .    oOX|
|               oO|
|                B|
|               .o|
+----[SHA256]-----+
kpit@L-18990:~$ 



cloning the project from git::










pit@L-18990:~/Downloads/Modern_CPP$ git push origin master --set-upstream
fatal: 'origin' does not appear to be a git repository
fatal: Could not read from remote repository.

Please make sure you have the correct access rights
and the repository exists.
kpit@L-18990:~/Downloads/Modern_CPP$ git remote add origin git@github.com:SATHVIKACHENNOJU/Modern_CPP_220303.git
kpit@L-18990:~/Downloads/Modern_CPP$ git push origin master --set-upstream
The authenticity of host 'github.com (20.207.73.82)' can't be established.
ECDSA key fingerprint is SHA256:p2QAMXNIC1TJYWeIOttrVc98/R1BUFWu3/LiyKgUfQM.
Are you sure you want to continue connecting (yes/no/[fingerprint])? 


Important git topics:
->Merging
->Rebasing
->Fastforwarding
to go back to previous verion of code "rollback"
->cherry pick
->git stashing


kpit@L-18990:~/Downloads/Modern_CPP/Week3$ git status
On branch master
Changes to be committed:
  (use "git restore --staged <file>..." to unstage)
        new file:   ../Week2/Lamda_Functions/Aggregation/Project.cpp
        new file:   ../Week2/Lamda_Functions/example3.cpp
        new file:   ../Week2/std_bind_2.cpp
        new file:   ../Week2/std_bind_3.cpp

Changes not staged for commit:
  (use "git add/rm <file>..." to update what will be committed)
  (use "git restore <file>..." to discard changes in working directory)
        deleted:    ../.~lock.GIT_NOTES.txt#
        modified:   ../GIT_NOTES.txt
        modified:   ../Week2/app
        modified:   ../Week2/example2.cpp
        modified:   ../Week2/std_bind_2.cpp

Untracked files:
  (use "git add <file>..." to include in what will be committed)
        ../Week2/.vscode/
        ../Week2/Lamda_Functions/Aggregation/Employee.cpp
        ../Week2/Lamda_Functions/Aggregation/Employee.h
        ../Week2/Lamda_Functions/Aggregation/Functionalities.cpp
        ../Week2/Lamda_Functions/Aggregation/Functionalities.h
        ../Week2/Lamda_Functions/Aggregation/Main.cpp
        ../Week2/Lamda_Functions/Aggregation/Project.h
        ../Week2/Lamda_Functions/Aggregation/app
        ../Week2/Lamda_Functions/Aggregation/notes.txt
        ../Week2/Lamda_Functions/SmartDeviceSample/
        ../Week2/Lamda_Functions/app
        ../Week2/Lamda_Functions/example1.cpp
        ../Week2/Lamda_Functions/example2.cpp
        ../Week2/Lamda_Functions/example4.cpp
        ../Week2/Lamda_Functions/notes.txt
        ../Week2/std_bind.cpp
        ./
        ../ls_command.odt

kpit@L-18990:~/Downloads/Modern_CPP/Week3$ cd
kpit@L-18990:~$ cd /home/kpit/Downloads/Modern_CPP/
kpit@L-18990:~/Downloads/Modern_CPP$ git status
On branch master
Changes to be committed:
  (use "git restore --staged <file>..." to unstage)
        new file:   Week2/Lamda_Functions/Aggregation/Project.cpp
        new file:   Week2/Lamda_Functions/example3.cpp
        new file:   Week2/std_bind_2.cpp
        new file:   Week2/std_bind_3.cpp

Changes not staged for commit:
  (use "git add/rm <file>..." to update what will be committed)
  (use "git restore <file>..." to discard changes in working directory)
        deleted:    .~lock.GIT_NOTES.txt#
        modified:   GIT_NOTES.txt
        modified:   Week2/app
        modified:   Week2/example2.cpp
        modified:   Week2/std_bind_2.cpp

Untracked files:
  (use "git add <file>..." to include in what will be committed)
        Week2/.vscode/
        Week2/Lamda_Functions/Aggregation/Employee.cpp
        Week2/Lamda_Functions/Aggregation/Employee.h
        Week2/Lamda_Functions/Aggregation/Functionalities.cpp
        Week2/Lamda_Functions/Aggregation/Functionalities.h
        Week2/Lamda_Functions/Aggregation/Main.cpp
        Week2/Lamda_Functions/Aggregation/Project.h
        Week2/Lamda_Functions/Aggregation/app
        Week2/Lamda_Functions/Aggregation/notes.txt
        Week2/Lamda_Functions/SmartDeviceSample/
        Week2/Lamda_Functions/app
        Week2/Lamda_Functions/example1.cpp
        Week2/Lamda_Functions/example2.cpp
        Week2/Lamda_Functions/example4.cpp
        Week2/Lamda_Functions/notes.txt
        Week2/std_bind.cpp
        Week3/
        ls_command.odt

kpit@L-18990:~/Downloads/Modern_CPP$ git add ./ ../Week2 ../Week3
fatal: ../Week2: '../Week2' is outside repository
kpit@L-18990:~/Downloads/Modern_CPP$ git add 
Nothing specified, nothing added.
Maybe you wanted to say 'git add .'?
kpit@L-18990:~/Downloads/Modern_CPP$ git add ..
fatal: ..: '..' is outside repository
kpit@L-18990:~/Downloads/Modern_CPP$ cd Week3
kpit@L-18990:~/Downloads/Modern_CPP/Week3$ git add ..
kpit@L-18990:~/Downloads/Modern_CPP/Week3$ git add ./ ../Week2 ../Week3
kpit@L-18990:~/Downloads/Modern_CPP/Week3$ cd
kpit@L-18990:~$ cd /home/kpit/Downloads/Modern_CPP/
kpit@L-18990:~/Downloads/Modern_CPP$ git commit -m july2
[master 915c7b5] july2
 44 files changed, 1599 insertions(+), 3 deletions(-)
 delete mode 100644 .~lock.GIT_NOTES.txt#
 create mode 100644 Week2/.vscode/settings.json
 create mode 100644 Week2/Lamda_Functions/Aggregation/Employee.cpp
 create mode 100644 Week2/Lamda_Functions/Aggregation/Employee.h
 create mode 100644 Week2/Lamda_Functions/Aggregation/Functionalities.cpp
 create mode 100644 Week2/Lamda_Functions/Aggregation/Functionalities.h
 create mode 100644 Week2/Lamda_Functions/Aggregation/Main.cpp
 create mode 100644 Week2/Lamda_Functions/Aggregation/Project.cpp
 create mode 100644 Week2/Lamda_Functions/Aggregation/Project.h
 create mode 100755 Week2/Lamda_Functions/Aggregation/app
 create mode 100644 Week2/Lamda_Functions/Aggregation/notes.txt
 create mode 100644 Week2/Lamda_Functions/SmartDeviceSample/.vscode/settings.json
 create mode 100644 Week2/Lamda_Functions/SmartDeviceSample/Device.cpp
 create mode 100644 Week2/Lamda_Functions/SmartDeviceSample/Device.h
 create mode 100644 Week2/Lamda_Functions/SmartDeviceSample/Functionalities.cpp
 create mode 100644 Week2/Lamda_Functions/SmartDeviceSample/Functionalities.h
 create mode 100644 Week2/Lamda_Functions/SmartDeviceSample/Main.cpp
 create mode 100644 Week2/Lamda_Functions/SmartDeviceSample/SmartDevice.cpp
 create mode 100644 Week2/Lamda_Functions/SmartDeviceSample/SmartDevice.h
 create mode 100644 Week2/Lamda_Functions/SmartDeviceSample/Technology.h
 create mode 100644 Week2/Lamda_Functions/SmartDeviceSample/sample_problem.txt
 create mode 100755 Week2/Lamda_Functions/app
 create mode 100644 Week2/Lamda_Functions/example1.cpp
 create mode 100644 Week2/Lamda_Functions/example2.cpp
 create mode 100644 Week2/Lamda_Functions/example3.cpp
 create mode 100644 Week2/Lamda_Functions/example4.cpp
 create mode 100644 Week2/Lamda_Functions/notes.txt
 rewrite Week2/app (87%)
 create mode 100644 Week2/std_bind.cpp
 create mode 100644 Week2/std_bind_2.cpp
 create mode 100644 Week2/std_bind_3.cpp
 create mode 100644 Week3/.vscode/settings.json
 create mode 100644 Week3/1_JULY/example1.cpp
 create mode 100644 Week3/1_JULY/notes.txt
 create mode 100644 Week3/2_JULY/Error.txt
 create mode 100644 Week3/2_JULY/Example1.cpp
 create mode 100644 Week3/2_JULY/Example2.cpp
 create mode 100644 Week3/2_JULY/Example3.cpp
 create mode 100644 Week3/2_JULY/Example4.cpp
 create mode 100644 Week3/2_JULY/Script.sh
 create mode 100644 Week3/2_JULY/output.txt
 create mode 100644 ls_command.odt
kpit@L-18990:~/Downloads/Modern_CPP$ 
kpit@L-18990:~/Downloads/Modern_CPP$ git status
On branch master
nothing to commit, working tree clean
kpit@L-18990:~/Downloads/Modern_CPP$ 
kpit@L-18990:~/Downloads$ git clone https://github.com/langroodi/Adaptive-AUTOSAR



kpit@L-18990:~/Downloads/Modern_CPP$ git push origin master --set-upstream
The authenticity of host 'github.com (20.207.73.82)' can't be established.
ECDSA key fingerprint is SHA256:p2QAMXNIC1TJYWeIOttrVc98/R1BUFWu3/LiyKgUfQM.
Are you sure you want to continue connecting (yes/no/[fingerprint])? yes
Warning: Permanently added 'github.com,20.207.73.82' (ECDSA) to the list of known hosts.
Enumerating objects: 111, done.
Counting objects: 100% (111/111), done.
Delta compression using up to 12 threads
Compressing objects: 100% (105/105), done.
Writing objects: 100% (111/111), 171.61 KiB | 8.17 MiB/s, done.
Total 111 (delta 13), reused 0 (delta 0)
remote: Resolving deltas: 100% (13/13), done.
remote: 
remote: Create a pull request for 'master' on GitHub by visiting:
remote:      https://github.com/SATHVIKACHENNOJU/Modern_CPP_220303/pull/new/master
remote: 
To github.com:SATHVIKACHENNOJU/Modern_CPP_220303.git






kpit@L-18990:~$ cd /home/kpit/Downloads/M
MARATHON/        MINI_MARATHON_2/ Modern_CPP/      
kpit@L-18990:~$ cd /home/kpit/Downloads/M
MARATHON/        MINI_MARATHON_2/ Modern_CPP/      
kpit@L-18990:~$ cd /home/kpit/Downloads/Modern_CPP/
kpit@L-18990:~/Downloads/Modern_CPP$ cd /Week3/3_JULY/
bash: cd: /Week3/3_JULY/: No such file or directory
kpit@L-18990:~/Downloads/Modern_CPP$ cd /Week_3/3_JULY/
bash: cd: /Week_3/3_JULY/: No such file or directory
kpit@L-18990:~/Downloads/Modern_CPP$ git commit -m "3rd july end of the day"
[feature_addition cbee71e] 3rd july end of the day
 12 files changed, 517 insertions(+), 40 deletions(-)
 create mode 100644 Week3/1_JULY/example2.cpp
 create mode 100644 Week3/3_JULY/.vscode/settings.json
 create mode 100644 Week3/3_JULY/AvoidInheritance/Variant_Example/BusinessOwner.h
 create mode 100644 Week3/3_JULY/AvoidInheritance/Variant_Example/Employee.h
 create mode 100644 Week3/3_JULY/AvoidInheritance/Variant_Example/Main1.cpp
 create mode 100644 Week3/3_JULY/AvoidInheritance/Variant_Example/Main2.cpp
 create mode 100755 Week3/3_JULY/AvoidInheritance/Variant_Example/app
 create mode 100644 Week3/3_JULY/AvoidInheritance/Variant_ex1.cpp
 create mode 100755 Week3/3_JULY/AvoidInheritance/app
 create mode 100644 Week3/3_JULY/example1.cpp
kpit@L-18990:~/Downloads/Modern_CPP$ git add ../
fatal: ../: '../' is outside repository
kpit@L-18990:~/Downloads/Modern_CPP$ git log
commit cbee71e19aef36de37e53fac0cb807489127f8e4 (HEAD -> feature_addition)
Author: Chennoju Sathvika <chennoju.sathvika@kpit.com>
Date:   Wed Jul 3 16:28:31 2024 +0530

    3rd july end of the day

commit 24720ccb87d313094bd51da8257a2c277fdde528 (origin/master, master)
Author: Chennoju Sathvika <chennoju.sathvika@kpit.com>
Date:   Tue Jul 2 17:37:34 2024 +0530

    my new feature is ready

commit 817383f9917b807588a55eb45868555e1527c2d9
Author: Chennoju Sathvika <chennoju.sathvika@kpit.com>
Date:   Tue Jul 2 16:58:16 2024 +0530

    2nd july code
kpit@L-18990:~/Downloads/Modern_CPP$ git rebase feature_addition
error: cannot rebase: You have unstaged changes.
error: Please commit or stash them.
kpit@L-18990:~/Downloads/Modern_CPP$ cd Week3
kpit@L-18990:~/Downloads/Modern_CPP/Week3$ cd 3_JULY/
kpit@L-18990:~/Downloads/Modern_CPP/Week3/3_JULY$ git rebase feature_addition
error: cannot rebase: You have unstaged changes.
error: Please commit or stash them.
kpit@L-18990:~/Downloads/Modern_CPP/Week3/3_JULY$ git commit
On branch feature_addition
Changes not staged for commit:
  (use "git add <file>..." to update what will be committed)
  (use "git restore <file>..." to discard changes in working directory)
	modified:   .vscode/settings.json
	modified:   AvoidInheritance/Variant_Example/Main2.cpp

Untracked files:
  (use "git add <file>..." to include in what will be committed)
	Exception_Replacement.cpp
	If_initializer.cpp
	app
	notes.txt
	structured_binding.cpp

no changes added to commit (use "git add" and/or "git commit -a")
kpit@L-18990:~/Downloads/Modern_CPP/Week3/3_JULY$ git add ../
kpit@L-18990:~/Downloads/Modern_CPP/Week3/3_JULY$ git commit
Aborting commit due to empty commit message.
kpit@L-18990:~/Downloads/Modern_CPP/Week3/3_JULY$ git rebase feature_addition
error: cannot rebase: Your index contains uncommitted changes.
error: Please commit or stash them.
kpit@L-18990:~/Downloads/Modern_CPP/Week3/3_JULY$ git commit -m "3rd july end of the day"
[feature_addition 3f88ff1] 3rd july end of the day
 7 files changed, 179 insertions(+), 3 deletions(-)
 create mode 100644 Week3/3_JULY/Exception_Replacement.cpp
 create mode 100644 Week3/3_JULY/If_initializer.cpp
 create mode 100755 Week3/3_JULY/app
 create mode 100644 Week3/3_JULY/notes.txt
 create mode 100644 Week3/3_JULY/structured_binding.cpp
kpit@L-18990:~/Downloads/Modern_CPP/Week3/3_JULY$ git rebase feature_addition
Current branch feature_addition is up to date.
kpit@L-18990:~/Downloads/Modern_CPP/Week3/3_JULY$ git checkout 
kpit@L-18990:~/Downloads/Modern_CPP/Week3/3_JULY$ git branch
* feature_addition
  master
kpit@L-18990:~/Downloads/Modern_CPP/Week3/3_JULY$ git rebase feature_addition
Current branch feature_addition is up to date.
kpit@L-18990:~/Downloads/Modern_CPP/Week3/3_JULY$ git checkout main
error: pathspec 'main' did not match any file(s) known to git
kpit@L-18990:~/Downloads/Modern_CPP/Week3/3_JULY$ git checkout master
Switched to branch 'master'
Your branch is up to date with 'origin/master'.
kpit@L-18990:~/Downloads/Modern_CPP/Week3/3_JULY$ git rebase feature_addition
fatal: Unable to read current working directory: No such file or directory
kpit@L-18990:~/Downloads/Modern_CPP/Week3/3_JULY$ git rebase feature_addition
fatal: Unable to read current working directory: No such file or directory
kpit@L-18990:~/Downloads/Modern_CPP/Week3/3_JULY$ cd ..
kpit@L-18990:~/Downloads/Modern_CPP/Week3$ cd ..
kpit@L-18990:~/Downloads/Modern_CPP$ git rebase feature_addition
First, rewinding head to replay your work on top of it...
Fast-forwarded master to feature_addition.
kpit@L-18990:~/Downloads/Modern_CPP$ git checkout master
Already on 'master'
Your branch is ahead of 'origin/master' by 2 commits.
  (use "git push" to publish your local commits)
kpit@L-18990:~/Downloads/Modern_CPP$ git push origin master --set-upstream
Enumerating objects: 39, done.
Counting objects: 100% (39/39), done.
Delta compression using up to 12 threads
Compressing objects: 100% (32/32), done.
Writing objects: 100% (34/34), 30.94 KiB | 6.19 MiB/s, done.
Total 34 (delta 10), reused 0 (delta 0)
remote: Resolving deltas: 100% (10/10), completed with 3 local objects.
To github.com:SATHVIKACHENNOJU/MODERN_CPP_TRAINING.git
   24720cc..3f88ff1  master -> master
Branch 'master' set up to track remote branch 'master' from 'origin'.
kpit@L-18990:~/Downloads/Modern_CPP$ git rebase feature_addition
Current branch master is up to date.
kpit@L-18990:~/Downloads/Modern_CPP$ git log
commit 3f88ff1a327675c461d110e346d2de377471b551 (HEAD -> master, origin/master, feature_addition)
Author: Chennoju Sathvika <chennoju.sathvika@kpit.com>
Date:   Wed Jul 3 16:31:55 2024 +0530

    3rd july end of the day

commit cbee71e19aef36de37e53fac0cb807489127f8e4
Author: Chennoju Sathvika <chennoju.sathvika@kpit.com>
Date:   Wed Jul 3 16:28:31 2024 +0530

    3rd july end of the day

commit 24720ccb87d313094bd51da8257a2c277fdde528
Author: Chennoju Sathvika <chennoju.sathvika@kpit.com>
Date:   Tue Jul 2 17:37:34 2024 +0530

    my new feature is ready

commit 817383f9917b807588a55eb45868555e1527c2d9
Author: Chennoju Sathvika <chennoju.sathvika@kpit.com>
Date:   Tue Jul 2 16:58:16 2024 +0530

    2nd july code
kpit@L-18990:~/Downloads/Modern_CPP$ git checkout feature_addition
Switched to branch 'feature_addition'
kpit@L-18990:~/Downloads/Modern_CPP$ git rebase master
Current branch feature_addition is up to date.
kpit@L-18990:~/Downloads/Modern_CPP$ git checkout master
Switched to branch 'master'
Your branch is up to date with 'origin/master'.
kpit@L-18990:~/Downloads/Modern_CPP$ git rebase feature_addition
Current branch master is up to date.
kpit@L-18990:~/Downloads/Modern_CPP$ git push origin master --set-upstream
Branch 'master' set up to track remote branch 'master' from 'origin'.
Everything up-to-date
kpit@L-18990:~/Downloads/Modern_CPP$ git log
commit 3f88ff1a327675c461d110e346d2de377471b551 (HEAD -> master, origin/master, feature_addition)
Author: Chennoju Sathvika <chennoju.sathvika@kpit.com>
Date:   Wed Jul 3 16:31:55 2024 +0530

    3rd july end of the day

commit cbee71e19aef36de37e53fac0cb807489127f8e4
Author: Chennoju Sathvika <chennoju.sathvika@kpit.com>
Date:   Wed Jul 3 16:28:31 2024 +0530

    3rd july end of the day

commit 24720ccb87d313094bd51da8257a2c277fdde528
Author: Chennoju Sathvika <chennoju.sathvika@kpit.com>
Date:   Tue Jul 2 17:37:34 2024 +0530

    my new feature is ready

commit 817383f9917b807588a55eb45868555e1527c2d9
Author: Chennoju Sathvika <chennoju.sathvika@kpit.com>
Date:   Tue Jul 2 16:58:16 2024 +0530





















Command to search fro the files or folders:

kpit@L-18990:~/Downloads/Modern_CPP$ #find utility
kpit@L-18990:~/Downloads/Modern_CPP$ #powerful search feature
kpit@L-18990:~/Downloads/Modern_CPP$ #find <path-where-to-search> <options> -exec <action-to-take-on-items-found>
kpit@L-18990:~/Downloads/Modern_CPP$ #example1
kpit@L-18990:~/Downloads/Modern_CPP$ find ~/Downloads/ -name "If_initializer.cpp" -type f
/home/kpit/Downloads/Modern_CPP/Week3/3_JULY/If_initializer.cpp
kpit@L-18990:~/Downloads/Modern_CPP$ 

 * [new branch]      master -> master
Branch 'master' set up to track remote branch 'master' from 'origin'.
kpit@L-18990:~/Downloads/Modern_CPP$ 

kpit@L-18990:~/Downloads/Modern_CPP$ find ~/Downloads/Modern_CPP/Week3/3_JULY/ -name "*.h" -type f
/home/kpit/Downloads/Modern_CPP/Week3/3_JULY/AvoidInheritance/Variant_Example/Employee.h
/home/kpit/Downloads/Modern_CPP/Week3/3_JULY/AvoidInheritance/Variant_Example/BusinessOwner.h
kpit@L-18990:~/Downloads/Modern_CPP$ 

kpit@L-18990:~/Downloads/Modern_CPP$ wc -l ~/Downloads/Modern_CPP/Week3/3_JULY/If_initializer.cpp 
40 /home/kpit/Downloads/Modern_CPP/Week3/3_JULY/If_initializer.cpp
kpit@L-18990:~/Downloads/Modern_CPP$ 

kpit@L-18990:~/Downloads/Modern_CPP$ find ~/Downloads/Modern_CPP/Week3/3_JULY/ -name "*.h" -type f | wc -l
2

kpit@L-18990:~/Downloads/Modern_CPP$ find ~/Downloads/Modern_CPP/Week3/3_JULY/ -name "*.h" -user "kpit" -type f
/home/kpit/Downloads/Modern_CPP/Week3/3_JULY/AvoidInheritance/Variant_Example/Employee.h
/home/kpit/Downloads/Modern_CPP/Week3/3_JULY/AvoidInheritance/Variant_Example/BusinessOwner.h
kpit@L-18990:~/Downloads/Modern_CPP$ 


